Open Watcom Linker Version 1.9
Portions Copyright (c) 1985-2002 Sybase, Inc. All Rights Reserved.
Created on:       19/09/09 03:07:04
Executable Image: IVOYAGER.exe
creating a Windows 16-bit executable


                        +------------+
                        |   Groups   |
                        +------------+

Group                           Address              Size
=====                           =======              ====

DGROUP                          0002:0000            00003070



                        +--------------+
                        |   Segments   |
                        +--------------+

Segment                Class          Group          Address         Size
=======                =====          =====          =======         ====

dom_TEXT               CODE           AUTO           0001:0000       00004d26
main_TEXT              CODE           AUTO           0001:4d26       00007949
task_TEXT              CODE           AUTO           0001:c66f       0000149b
_TEXT                  CODE           AUTO           0001:db10       00001e5b
FAR_DATA               FAR_DATA       AUTO           0002:0000       00000000
_NULL                  BEGDATA        DGROUP         0002:0000       00000010
AFX_NULL               BEGDATA        DGROUP         0002:0010       00000000
CONST                  DATA           DGROUP         0002:0010       000006ee
CONST2                 DATA           DGROUP         0002:06fe       00000102
_DATA                  DATA           DGROUP         0002:0800       000002c2
XIB                    DATA           DGROUP         0002:0ac2       00000000
XI                     DATA           DGROUP         0002:0ac2       0000000c
XIE                    DATA           DGROUP         0002:0ace       00000000
YIB                    DATA           DGROUP         0002:0ace       00000000
YI                     DATA           DGROUP         0002:0ace       0000000c
YIE                    DATA           DGROUP         0002:0ada       00000000
STRINGS                DATA           DGROUP         0002:0ada       00000000
DATA                   DATA           DGROUP         0002:0ada       00000000
BCSD                   DATA           DGROUP         0002:0ada       00000000
_BSS                   BSS            DGROUP         0002:0ada       0000058a
STACK                  STACK          DGROUP         0002:1070       00002000


                        +----------------+
                        |   Memory Map   |
                        +----------------+

* = unreferenced symbol
+ = symbol only referenced locally

Address        Symbol
=======        ======

Module: dom.obj(Z:\ivoyager\dom.c)
0001:03b9+     CompileJSChunk_
0001:0419+     CSSEnd_
0001:04e4+     StripCSSComment_
0001:06d8+     CSSOpenBracket_
0001:075c+     CSSCloseBracket_
0001:0870+     SelectorParsed_
0001:0a5e+     CSSValueParsed_
0001:0ba3+     BlockTypeParsed_
0001:0d14+     BlockParamsParsed_
0001:0e96+     CSSPropertyParsed_
0001:1030+     ParseCSSChunk_
0001:3176+     TagParsed_
0001:3312+     AttribNameParsed_
0001:345d+     AttribValueParsed_
0001:35b0+     TextParsed_
0001:364e+     TagDone_
0001:39c0      ParseDOMChunk_
Module: main.obj(Z:\ivoyager\main.c)
0002:0ade+     _g_innerShell
0002:0800      _g_cnt
0002:0802      _lcntr
0002:081a+     _hStatusBar
0001:4d26      StackTrace_
0001:621d+     readStream_FILE_
0001:62a1+     EOFstream_FILE_
0001:633d+     hasDataStream_FILE_
0001:636b+     closeStream_FILE_
0001:63b6+     readStream_HTTP_
0001:6463+     hasDataStream_HTTP_
0001:64ab+     EOFstream_HTTP_
0001:651b+     closeStream_HTTP_
0001:66a6+     redirectStream_
0001:69ee+     openStream_
0001:6d73+     closeStream_
0001:6dae+     GetAvailableWebRequestTask_
0001:6de4+     FindAvailableWebRequest_
0001:6e4e+     FreeWebRequest_
0001:6ed4+     ParseHttpHeader_
0001:6fcb+     HttpGetChunk_
0001:7b91+     HttpGet_
0001:7c73+     HttpPost_
0001:7ca6+     RunOpenUrlTask_
0001:8512+     RunTask_
0001:8584+     OpenUrl_
0001:8c98+     RefreshShell_
0001:8d03+     AllocTab_
0001:8de5+     FreeTab_
0001:8e59+     SetTabTitle_
0001:8f01+     SetTabStatus_
0001:8fa5+     SetTabURL_
0001:9049+     GetNumTabs_
0001:9084+     TabFromIdx_
0001:90d9+     TabFromId_
0001:913b      ResetDebugLogAttr_
0001:9177      DebugLogAttr_
0001:91a1+     WriteSource_
0001:9230      DebugLog_
0001:934c+     SetStatusText_
0001:93f7+     CreateTabChildWindows_
0001:9542+     SetActiveTab_
0001:96b8+     GetTabColor_
0001:975b+     GetTabShineColor_
0001:9a7e+     GetWinColor_
0001:9aac+     ADDRESSBARPROC
0001:9cce+     BROWSERSHELLTOGGLEBAR
0001:a560+     drawTab_
0001:ab59+     OverTab_
0001:abc6+     OverTabX_
0001:ac37+     drawTabs_
0001:afa9+     BROWSERINNERSHELLPROC
0001:ba2e+     SetSocketBufferSize_
0001:ba5d+     BROWSERSHELLPROC
0001:c21d+     BROWSERPROC
0001:c269+     WinsockStart_
0001:c2ad      WINMAIN
0002:0aea+     _browserWin
Module: task.obj(Z:\ivoyager\task.c)
0001:c78f+     RemoveTask_
0001:c872      AllocTempTask_
0001:c8c8      FreeTempTask_
0001:c90d      AddTask_
0001:ca70+     SetCustomTaskData_
0001:caf5      printTaskData_
0001:cbe7+     AddCustomTaskData_
0001:cd3e      AddCustomTaskVar_
0001:cd8d+     RemoveCustomTaskVar_
0001:ceab      GetCustomTaskVar_
0001:cf8c      FreeCustomTaskListData_
0001:d140      RemoveAllCustomTaskData_
0001:d277      GetNumCustomTaskListData_
0001:d307      AddCustomTaskListData_
0001:d439      RemoveCustomTaskListData_
0001:d58e      GetCustomTaskListIdxByData_
0001:d63e      GetCustomTaskListDataByStringField_
0001:d78b      GetCustomTaskListDataByPtrField_
0001:d8a0      GetCustomTaskListData_
0001:d96b      GetNextTask_
0001:da8e      FreeTask_
0001:dad7      InitTaskSystem_
Module: C:\WATCOM/lib286/win\clibm.lib(stk)
0001:db15      __STK
0001:db2c*     __STKOVERFLOW_
Module: C:\WATCOM/lib286/win\clibm.lib(nmalloc.c)
0001:db49      malloc_
0001:db54      _nmalloc_
0002:0858      ___nheapbeg
0002:085a      ___MiniHeapRover
0002:085c      ___LargestSizeB4MiniHeapRover
Module: C:\WATCOM/lib286/win\clibm.lib(nfree.c)
0001:dc18      free_
0001:dc23      _nfree_
0002:1054      ___MiniHeapFreeRover
Module: C:\WATCOM/lib286/win\clibm.lib(istable.c)
0002:06fe      __IsTable
Module: C:\WATCOM/lib286/win\clibm.lib(fmemset.c)
0001:dcee      _fmemset_
Module: C:\WATCOM/lib286/win\clibm.lib(fstricmp.c)
0001:dd0b      _fstricmp_
Module: C:\WATCOM/lib286/win\clibm.lib(cmodel)
0001:dd4a      _big_code_
0001:dd4a*     CodeModelMismatch
Module: C:\WATCOM/lib286/win\clibm.lib(i4d)
0001:dd4a*     __I4D
0001:dd99      __U4D
Module: C:\WATCOM/lib286/win\clibm.lib(i4m)
0001:de1e      __I4M
0001:de1e      __U4M
Module: C:\WATCOM/lib286/win\clibm.lib(fstrchr.c)
0001:de36      _fstrchr_
Module: C:\WATCOM/lib286/win\clibm.lib(abs.c)
0001:de5f      abs_
Module: C:\WATCOM/lib286/win\clibm.lib(fstrnicm.c)
0001:de67      _fstrnicmp_
Module: C:\WATCOM/lib286/win\clibm.lib(fmemmove.c)
0001:debb      _fmemmove_
Module: C:\WATCOM/lib286/win\clibm.lib(atoi.c)
0001:df2c      atoi_
Module: C:\WATCOM/lib286/win\clibm.lib(atol.c)
0001:df77      atol_
Module: C:\WATCOM/lib286/win\clibm.lib(fopen.c)
0001:dfe2+     __open_flags_
0001:e194+     _fsopen_
0001:e1df      fopen_
0001:e249*     freopen_
Module: C:\WATCOM/lib286/win\clibm.lib(wstart)
0000:0006*     pLocalHeap
0000:0008*     pAtomTable
0000:000a*     pStackTop
0000:000c*     pStackMin
0000:000e*     pStackBot
0002:0000*     __nullarea
0002:0860      __curbrk
0002:0862*     __psp
0002:0864      __osmajor
0002:0865*     __osminor
0002:0866*     __osmode
0002:000a      __STACKLOW
0002:000c*     __STACKTOP
0002:0868*     __cbyte
0002:086a*     __child
0002:086c*     __no87
0002:0867*     __HShift
0002:086e*     __get_ovl_stack
0002:0872*     __restore_ovl_stack
0002:0876*     ___FPE_handler
0002:087a*     __LpCmdLine
0002:087e*     __LpPgmName
0001:e2b4      _wstart_
0001:e2b4*     _cstart_
0001:e3a9      __exit_
0001:e3ba      __GETDS
Module: C:\WATCOM/lib286/win\clibm.lib(strcpy.c)
0001:e3bc      strcpy_
Module: C:\WATCOM/lib286/win\clibm.lib(strcat.c)
0001:e401      strcat_
Module: C:\WATCOM/lib286/win\clibm.lib(xmsgwin.c)
0001:e438+     __exit_with_msg_
0001:e499      __fatal_runtime_error_
Module: C:\WATCOM/lib286/win\clibm.lib(nmemneed.c)
0001:e4b6      __nmemneed_
Module: C:\WATCOM/lib286/win\clibm.lib(mem.c)
0001:e4c0      __MemAllocator
0001:e58e      __MemFree
Module: C:\WATCOM/lib286/win\clibm.lib(grownear.c)
0001:e805      __ExpandDGROUP_
Module: C:\WATCOM/lib286/win\clibm.lib(comtflag.c)
0001:e81a*     __set_commode_
0002:0912      __commode
Module: C:\WATCOM/lib286/win\clibm.lib(seterrno.c)
0001:e821      __set_errno_
0001:e837*     __set_EDOM_
0001:e849*     __set_ERANGE_
0001:e85b*     __set_EINVAL_
0001:e870      __set_doserrno_
Module: C:\WATCOM/lib286/win\clibm.lib(iob.c)
0002:0914      ___iob
0002:0a2c      __fmode
0002:1056      ___OpenStreams
0002:1058      ___ClosedStreams
Module: C:\WATCOM/lib286/win\clibm.lib(tolower.c)
0001:e87f      tolower_
Module: C:\WATCOM/lib286/win\clibm.lib(open.c)
0001:ea7b*     open_
0001:ea9d      sopen_
Module: C:\WATCOM/lib286/win\clibm.lib(fseek.c)
0001:eb17      fseek_
Module: C:\WATCOM/lib286/win\clibm.lib(chktty.c)
0001:ec29      __chktty_
Module: C:\WATCOM/lib286/win\clibm.lib(freefp.c)
0001:ec56      __freefp_
0001:ec83      __purgefp_
Module: C:\WATCOM/lib286/win\clibm.lib(allocfp.c)
0001:ecaf      __allocfp_
Module: C:\WATCOM/lib286/win\clibm.lib(fclose.c)
0001:ed4c      __doclose_
0001:edd8      __shutdown_stream_
0001:edf0*     fclose_
0002:105a+     ___RmTmpFileFn
Module: C:\WATCOM/lib286/win\clibm.lib(winrtns.c)
0002:0a2e      __WindowsIsWindowedHandle
0002:0a32      __WindowsRemoveWindowedHandle
0002:0a36      __WindowsNewWindow
0002:0a3a      __WindowsCloseWindow
0002:0a3e*     __WindowsSetAbout
0002:0a42*     __WindowsSetAppTitle
0002:0a46*     __WindowsSetConTitle
0002:0a4a*     __WindowsDestroyOnClose
0002:0a4e*     __WindowsYieldControl
0002:0a52*     __WindowsShutDown
0002:0a56*     __WindowsStdin
0002:0a5a      __WindowsStdout
0002:0a5e*     __WindowsKbhit
0002:0a62*     __WindowsGetch
0002:0a66*     __WindowsGetche
0002:0a6a*     __WindowsPutch
0002:0a6e      __WindowsExitRtn
Module: C:\WATCOM/lib286/win\clibm.lib(exit.c)
0001:ee16+     __null_int23_exit_
0001:ee17      exit_
0001:ee50      _exit_
0002:0a72+     ___int23_exit
0002:0a76+     ___FPE_handler_exit
Module: C:\WATCOM/lib286/win\clibm.lib(initrtns.c)
0001:eea0      __FInitRtns
0001:eeab+     __InitRtns
0001:ef09      __FFiniRtns
0001:ef14      __FiniRtns
Module: C:\WATCOM/lib286/win\clibm.lib(dosseg)
0001:ef78      __DOSseg__
Module: C:\WATCOM/lib286/win\clibm.lib(enterdb.c)
0001:ef79      __EnterWVIDEO_
0002:0a7a+     ___WD_Present
Module: C:\WATCOM/lib286/win\clibm.lib(amblksiz.c)
0002:0a7c      __amblksiz
Module: C:\WATCOM/lib286/win\clibm.lib(heapen.c)
0001:ef9d*     _heapenable_
0002:0a7e      ___heap_enabled
Module: C:\WATCOM/lib286/win\clibm.lib(nheapmin.c)
0001:efa9*     _heapshrink_
0001:efa9*     _heapmin_
0001:efa9*     _nheapmin_
0001:f031      _nheapshrink_
Module: C:\WATCOM/lib286/win\clibm.lib(errno.c)
0001:f062      __get_errno_ptr_
0001:f066      __get_doserrno_ptr_
0002:105e+     _errno
0002:1060+     __doserrno
Module: C:\WATCOM/lib286/win\clibm.lib(initfile.c)
0001:f06a      __InitFiles_
Module: C:\WATCOM/lib286/win\clibm.lib(ioexit.c)
0001:f13a*     fcloseall_
0001:f147      __full_io_exit_
Module: C:\WATCOM/lib286/win\clibm.lib(opendos.c)
0001:f158      _dos_open_
Module: C:\WATCOM/lib286/win\clibm.lib(iomode.c)
0001:f174      __GetIOMode_
0001:f18b      __SetIOMode_nogrow_
0002:0a80      ___NFiles
0002:0a82      ___init_mode
0002:0aaa      ___io_mode
Module: C:\WATCOM/lib286/win\clibm.lib(isatt.c)
0001:f1a0      isatty_
Module: C:\WATCOM/lib286/win\clibm.lib(dosret.c)
0001:f1e1*     _dosretax_
0001:f1f3*     _dosret0_
0001:f207      __set_errno_dos_
0001:f261*     __set_errno_dos_reterr_
Module: C:\WATCOM/lib286/win\clibm.lib(umaskval.c)
0002:0ac0      ___umaskval
Module: C:\WATCOM/lib286/win\clibm.lib(creatdos.c)
0001:f272      _dos_creat_
0001:f28c*     _dos_creatnew_
Module: C:\WATCOM/lib286/win\clibm.lib(stiomode.c)
0001:f2a5+     __grow_iomode_
0001:f335+     __shrink_iomode_
0001:f358      __SetIOMode_
Module: C:\WATCOM/lib286/win\clibm.lib(stricmp.c)
0001:f3b0      stricmp_
Module: C:\WATCOM/lib286/win\clibm.lib(lseek.c)
0001:f3ec      lseek_
Module: C:\WATCOM/lib286/win\clibm.lib(flush.c)
0001:f423      __flush_
Module: C:\WATCOM/lib286/win\clibm.lib(tell.c)
0001:f517      tell_
Module: C:\WATCOM/lib286/win\clibm.lib(__lseek.c)
0001:f52e      __lseek_
Module: C:\WATCOM/lib286/win\clibm.lib(_clse.c)
0001:f56b      __close_
Module: C:\WATCOM/lib286/win\clibm.lib(sgdef086)
0002:0ac2      __Start_XI
0002:0ace      __End_XI
0002:0ace      __Start_YI
0002:0ada      __End_YI
Module: C:\WATCOM/lib286/win\clibm.lib(doserror)
0001:f5d2      __doserror_
Module: C:\WATCOM/lib286/win\clibm.lib(nrealloc.c)
0001:f5e0      realloc_
0001:f5eb+     _nrealloc_
Module: C:\WATCOM/lib286/win\clibm.lib(iomodtty.c)
0001:f66a      __ChkTTYIOMode_
0001:f6a3*     __IOMode_
Module: C:\WATCOM/lib286/win\clibm.lib(qwrit.c)
0001:f6b9      __qwrite_
Module: C:\WATCOM/lib286/win\clibm.lib(fsync.c)
0001:f740      fsync_
Module: C:\WATCOM/lib286/win\clibm.lib(nmsize.c)
0001:f74c*     _msize_
0001:f74c      _nmsize_
Module: C:\WATCOM/lib286/win\clibm.lib(nexpand.c)
0001:f75b*     _expand_
0001:f766+     __HeapManager_expand_
0001:f8ed      _nexpand_
Module: C:\WATCOM/lib286/win\clibm.lib(filedos.c)
0001:f919*     _dos_close_
0001:f92d      _dos_commit_
Module: C:\WATCOM/lib286/win\clibm.lib(bfree.c)
0001:f941      _bfree_


                        +----------------------+
                        |   Imported Symbols   |
                        +----------------------+

Symbol                              Module
======                              ======

ACCEPT                              WINSOCK
BIND                                WINSOCK
CLOSESOCKET                         WINSOCK
CONNECT                             WINSOCK
GETPEERNAME                         WINSOCK
GETSOCKNAME                         WINSOCK
GETSOCKOPT                          WINSOCK
HTONL                               WINSOCK
HTONS                               WINSOCK
INET_ADDR                           WINSOCK
INET_NTOA                           WINSOCK
IOCTLSOCKET                         WINSOCK
LISTEN                              WINSOCK
NTOHL                               WINSOCK
NTOHS                               WINSOCK
RECV                                WINSOCK
RECVFROM                            WINSOCK
SELECT                              WINSOCK
SEND                                WINSOCK
SENDTO                              WINSOCK
SETSOCKOPT                          WINSOCK
SHUTDOWN                            WINSOCK
SOCKET                              WINSOCK
GETHOSTBYADDR                       WINSOCK
GETHOSTBYNAME                       WINSOCK
GETPROTOBYNAME                      WINSOCK
GETPROTOBYNUMBER                    WINSOCK
GETSERVBYNAME                       WINSOCK
GETSERVBYPORT                       WINSOCK
GETHOSTNAME                         WINSOCK
WSAASYNCSELECT                      WINSOCK
WSAASYNCGETHOSTBYADDR               WINSOCK
WSAASYNCGETHOSTBYNAME               WINSOCK
WSAASYNCGETPROTOBYNUMBER            WINSOCK
WSAASYNCGETPROTOBYNAME              WINSOCK
WSAASYNCGETSERVBYPORT               WINSOCK
WSAASYNCGETSERVBYNAME               WINSOCK
WSACANCELASYNCREQUEST               WINSOCK
WSASETBLOCKINGHOOK                  WINSOCK
WSAUNHOOKBLOCKINGHOOK               WINSOCK
WSAGETLASTERROR                     WINSOCK
WSASETLASTERROR                     WINSOCK
WSACANCELBLOCKINGCALL               WINSOCK
WSAISBLOCKING                       WINSOCK
WSASTARTUP                          WINSOCK
WSACLEANUP                          WINSOCK
__WSAFDISSET                        WINSOCK
WEP                                 WINSOCK
_wsprintf                           USER
OUTPUTDEBUGSTRING                   KERNEL
LSTRLEN                             KERNEL
LSTRCPY                             KERNEL
LSTRCAT                             KERNEL
GLOBALALLOC                         KERNEL
GLOBALLOCK                          KERNEL
GLOBALHANDLE                        KERNEL
GLOBALUNLOCK                        KERNEL
GLOBALFREE                          KERNEL
_LREAD                              KERNEL
_LLSEEK                             KERNEL
_LCLOSE                             KERNEL
_LOPEN                              KERNEL
SETWINDOWTEXT                       USER
LSTRCMP                             USER
MESSAGEBOX                          USER
INVALIDATERECT                      USER
GETWINDOWTEXTLENGTH                 USER
SETFOCUS                            USER
SENDMESSAGE                         USER
WVSPRINTF                           USER
CREATEWINDOW                        USER
GETWINDOWTEXT                       USER
SHOWWINDOW                          USER
GETPARENT                           USER
CALLWINDOWPROC                      USER
SETTEXTCOLOR                        GDI
DRAWTEXT                            USER
DEFWINDOWPROC                       USER
CREATEFONT                          GDI
SELECTOBJECT                        GDI
GETSTOCKOBJECT                      GDI
FILLRECT                            USER
CREATESOLIDBRUSH                    GDI
DELETEOBJECT                        GDI
CREATEPEN                           GDI
MOVETO                              GDI
LINETO                              GDI
SETBKMODE                           GDI
GETCLIENTRECT                       USER
GETWINDOWRECT                       USER
MOVEWINDOW                          USER
BEGINPAINT                          USER
ENDPAINT                            USER
SETBKCOLOR                          GDI
MAKEPROCINSTANCE                    KERNEL
SETWINDOWLONG                       USER
CREATECOMPATIBLEDC                  GDI
CREATECOMPATIBLEBITMAP              GDI
SAVEDC                              GDI
MOVETOEX                            GDI
BITBLT                              GDI
RESTOREDC                           GDI
DELETEDC                            GDI
DESTROYWINDOW                       USER
POSTQUITMESSAGE                     USER
LOADICON                            USER
LOADCURSOR                          USER
REGISTERCLASS                       USER
UPDATEWINDOW                        USER
SETTIMER                            USER
GETMESSAGE                          USER
GETTICKCOUNT                        USER
TRANSLATEMESSAGE                    USER
DISPATCHMESSAGE                     USER
LSTRCMPI                            USER
INITTASK                            KERNEL
GETMODULEFILENAME                   KERNEL
INITAPP                             USER
WAITEVENT                           KERNEL
__AHSHIFT                           KERNEL
LOCALALLOC                          KERNEL
LOCALFREE                           KERNEL


                        +--------------------+
                        |   Libraries Used   |
                        +--------------------+

C:\WATCOM/lib286/win\windows.lib
C:\WATCOM/lib286/win\clibm.lib


                        +-----------------------+
                        |   Linker Statistics   |
                        +-----------------------+

Stack size:  2000 (8192.)
Memory size:  000129db (76251.)
Entry point address: 0001:e2b4
Link time: 00:00.47
